2026/06/12 04:35:31 ZEBRA: MESSAGE: ZEBRA_INTERFACE_ADDRESS_ADD fcff:2::1/32 on lo(0)
2026/06/12 04:35:31 ZEBRA: rib_add_multipath: 0:fcff:2::/32: Inserting route rn 0x5652b8383a10, re 0x5652b8382530 (connected) existing (nil)
2026/06/12 04:35:31 ZEBRA: rib_add_multipath: 0:fcff:2::/32 (MRIB): Inserting route rn 0x5652b8384a20, re 0x5652b8384940 (connected) existing (nil)
2026/06/12 04:35:31 ZEBRA: 0:fcff:2::/32: Adding route rn 0x5652b8383a10, re 0x5652b8382530 (connected)
2026/06/12 04:35:31 ZEBRA: 0:fcff:2::/32: Adding route rn 0x5652b8384a20, re 0x5652b8384940 (connected)
2026/06/12 04:35:31 ZEBRA: 0:fcff:2::/32 update_from_ctx(): no fib nhg
2026/06/12 04:35:31 ZEBRA: 0:fcff:2::/32 update_from_ctx(): rib nhg matched, changed 'false'
2026/06/12 04:35:31 ZEBRA: 0:fcff:2::/32: Redist update re 0x5652b8382530 (connected), old 0x0 (None)
2026/06/12 04:35:32 ZEBRA: MESSAGE: ZEBRA_INTERFACE_ADDRESS_ADD fe80::bcc3:80ff:febb:1334/64 on r2-r1(0)
2026/06/12 04:35:32 ZEBRA: rib_add_multipath: 0:fe80::/64: Inserting route rn 0x5652b8380850, re 0x5652b8383320 (connected) existing (nil)
2026/06/12 04:35:32 ZEBRA: rib_add_multipath: 0:fe80::/64 (MRIB): Inserting route rn 0x5652b8380a10, re 0x5652b8380930 (connected) existing (nil)
2026/06/12 04:35:32 ZEBRA: 0:fe80::/64: Adding route rn 0x5652b8380850, re 0x5652b8383320 (connected)
2026/06/12 04:35:32 ZEBRA: 0:fe80::/64: Adding route rn 0x5652b8380a10, re 0x5652b8380930 (connected)
2026/06/12 04:35:32 ZEBRA: 0:fe80::/64 update_from_ctx(): no fib nhg
2026/06/12 04:35:32 ZEBRA: 0:fe80::/64 update_from_ctx(): rib nhg matched, changed 'false'
2026/06/12 04:35:32 ZEBRA: 0:fe80::/64: Redist update re 0x5652b8383320 (connected), old 0x0 (None)
2026/06/12 04:35:32 ZEBRA: Redist update filter prefix fe80::/64
2026/06/12 04:35:32 ZEBRA: MESSAGE: ZEBRA_INTERFACE_ADDRESS_ADD fe80::5c58:ecff:fe46:fc55/64 on r2-r4(0)
2026/06/12 04:35:32 ZEBRA: rib_add_multipath: 0:fe80::/64: Inserting route rn 0x5652b8380850, re 0x5652b8381070 (connected) existing (nil)
2026/06/12 04:35:32 ZEBRA: rib_add_multipath: 0:fe80::/64 (MRIB): Inserting route rn 0x5652b8380a10, re 0x5652b8381130 (connected) existing (nil)
2026/06/12 04:35:32 ZEBRA: 0:fe80::/64: Adding route rn 0x5652b8380a10, re 0x5652b8380930 (connected)
2026/06/12 04:35:32 ZEBRA: 0:fe80::/64 update_from_ctx(): no fib nhg
2026/06/12 04:35:32 ZEBRA: 0:fe80::/64 update_from_ctx(): changed false, adding new fib nhg
2026/06/12 04:35:32 ZEBRA: 0:fe80::/64: Redist update re 0x5652b8381070 (connected), old 0x0 (None)
2026/06/12 04:35:32 ZEBRA: Redist update filter prefix fe80::/64
2026/06/12 04:35:32 ZEBRA: client 13 says hello and bids fair to announce only isis routes vrf=0
2026/06/12 04:35:32 ZEBRA: bfd_client_register msg from client isis: length=4
2026/06/12 04:35:33 ZEBRA: MESSAGE: ZEBRA_INTERFACE_ADDRESS_ADD fcf0:0:1:2::2/64 on r2-r1(0)
2026/06/12 04:35:33 ZEBRA: rib_add_multipath: 0:fcf0:0:1:2::/64: Inserting route rn 0x5652b8416a50, re 0x5652b84167c0 (connected) existing (nil)
2026/06/12 04:35:33 ZEBRA: rib_add_multipath: 0:fcf0:0:1:2::/64 (MRIB): Inserting route rn 0x5652b8416c70, re 0x5652b8416b70 (connected) existing (nil)
2026/06/12 04:35:33 ZEBRA: 0:fcf0:0:1:2::/64: Adding route rn 0x5652b8416a50, re 0x5652b84167c0 (connected)
2026/06/12 04:35:33 ZEBRA: 0:fcf0:0:1:2::/64: Adding route rn 0x5652b8416c70, re 0x5652b8416b70 (connected)
2026/06/12 04:35:33 ZEBRA: 0:fcf0:0:1:2::/64 update_from_ctx(): no fib nhg
2026/06/12 04:35:33 ZEBRA: 0:fcf0:0:1:2::/64 update_from_ctx(): rib nhg matched, changed 'false'
2026/06/12 04:35:33 ZEBRA: 0:fcf0:0:1:2::/64: Redist update re 0x5652b84167c0 (connected), old 0x0 (None)
2026/06/12 04:35:33 ZEBRA: MESSAGE: ZEBRA_INTERFACE_ADDRESS_ADD fcf0:0:2:4::1/64 on r2-r4(0)
2026/06/12 04:35:33 ZEBRA: rib_add_multipath: 0:fcf0:0:2:4::/64: Inserting route rn 0x5652b8416e50, re 0x5652b84168c0 (connected) existing (nil)
2026/06/12 04:35:33 ZEBRA: rib_add_multipath: 0:fcf0:0:2:4::/64 (MRIB): Inserting route rn 0x5652b84170e0, re 0x5652b8416fe0 (connected) existing (nil)
2026/06/12 04:35:33 ZEBRA: 0:fcf0:0:2:4::/64: Adding route rn 0x5652b8416e50, re 0x5652b84168c0 (connected)
2026/06/12 04:35:33 ZEBRA: 0:fcf0:0:2:4::/64: Adding route rn 0x5652b84170e0, re 0x5652b8416fe0 (connected)
2026/06/12 04:35:33 ZEBRA: 0:fcf0:0:2:4::/64 update_from_ctx(): no fib nhg
2026/06/12 04:35:33 ZEBRA: 0:fcf0:0:2:4::/64 update_from_ctx(): rib nhg matched, changed 'false'
2026/06/12 04:35:33 ZEBRA: 0:fcf0:0:2:4::/64: Redist update re 0x5652b84168c0 (connected), old 0x0 (None)
2026/06/12 04:36:01 ZEBRA: rib_add_multipath: 0:fcf0:0:1:3::/64: Inserting route rn 0x5652b8417a50, re 0x5652b84169c0 (isis) existing (nil)
2026/06/12 04:36:01 ZEBRA: rib_add_multipath: 0:fcff:1::/32: Inserting route rn 0x5652b84173f0, re 0x5652b8417390 (isis) existing (nil)
2026/06/12 04:36:01 ZEBRA: rib_add_multipath: 0:fcff:2:c::/64: Inserting route rn 0x5652b8417550, re 0x5652b84174d0 (isis) existing (nil)
2026/06/12 04:36:01 ZEBRA: rib_add_multipath: 0:fd00:0:1::/64: Inserting route rn 0x5652b8417730, re 0x5652b8417630 (isis) existing (nil)
2026/06/12 04:36:01 ZEBRA: 0:fcf0:0:1:3::/64: Adding route rn 0x5652b8417a50, re 0x5652b84169c0 (isis)
2026/06/12 04:36:01 ZEBRA: 0:fcff:1::/32: Adding route rn 0x5652b84173f0, re 0x5652b8417390 (isis)
2026/06/12 04:36:01 ZEBRA: 0:fcff:2:c::/64: Adding route rn 0x5652b8417550, re 0x5652b84174d0 (isis)
2026/06/12 04:36:01 ZEBRA: 0:fd00:0:1::/64: Adding route rn 0x5652b8417730, re 0x5652b8417630 (isis)
2026/06/12 04:36:01 ZEBRA: 0:fcf0:0:1:3::/64 update_from_ctx(): no fib nhg
2026/06/12 04:36:01 ZEBRA: 0:fcf0:0:1:3::/64 update_from_ctx(): rib nhg matched, changed 'true'
2026/06/12 04:36:01 ZEBRA: 0:fcf0:0:1:3::/64: Redist update re 0x5652b84169c0 (isis), old 0x0 (None)
2026/06/12 04:36:01 ZEBRA: 0:fcff:1::/32 update_from_ctx(): no fib nhg
2026/06/12 04:36:01 ZEBRA: 0:fcff:1::/32 update_from_ctx(): rib nhg matched, changed 'false'
2026/06/12 04:36:01 ZEBRA: 0:fcff:1::/32: Redist update re 0x5652b8417390 (isis), old 0x0 (None)
2026/06/12 04:36:01 ZEBRA: 0:fcff:2:c::/64 update_from_ctx(): no fib nhg
2026/06/12 04:36:01 ZEBRA: 0:fcff:2:c::/64 update_from_ctx(): rib nhg matched, changed 'false'
2026/06/12 04:36:01 ZEBRA: 0:fcff:2:c::/64: Redist update re 0x5652b84174d0 (isis), old 0x0 (None)
2026/06/12 04:36:01 ZEBRA: 0:fd00:0:1::/64 update_from_ctx(): no fib nhg
2026/06/12 04:36:01 ZEBRA: 0:fd00:0:1::/64 update_from_ctx(): rib nhg matched, changed 'false'
2026/06/12 04:36:01 ZEBRA: 0:fd00:0:1::/64: Redist update re 0x5652b8417630 (isis), old 0x0 (None)
2026/06/12 04:36:03 ZEBRA: rib_add_multipath: 0:fcf0:0:3:4::/64: Inserting route rn 0x5652b8418250, re 0x5652b84172d0 (isis) existing (nil)
2026/06/12 04:36:03 ZEBRA: rib_add_multipath: 0:fcff:3::/32: Inserting route rn 0x5652b8417810, re 0x5652b8418440 (isis) existing (nil)
2026/06/12 04:36:03 ZEBRA: 0:fcf0:0:3:4::/64: Adding route rn 0x5652b8418250, re 0x5652b84172d0 (isis)
2026/06/12 04:36:03 ZEBRA: 0:fcff:3::/32: Adding route rn 0x5652b8417810, re 0x5652b8418440 (isis)
2026/06/12 04:36:03 ZEBRA: 0:fcf0:0:3:4::/64 update_from_ctx(): no fib nhg
2026/06/12 04:36:03 ZEBRA: 0:fcf0:0:3:4::/64 update_from_ctx(): rib nhg matched, changed 'false'
2026/06/12 04:36:03 ZEBRA: 0:fcf0:0:3:4::/64: Redist update re 0x5652b84172d0 (isis), old 0x0 (None)
2026/06/12 04:36:03 ZEBRA: 0:fcff:3::/32 update_from_ctx(): no fib nhg
2026/06/12 04:36:03 ZEBRA: 0:fcff:3::/32 update_from_ctx(): rib nhg matched, changed 'false'
2026/06/12 04:36:03 ZEBRA: 0:fcff:3::/32: Redist update re 0x5652b8418440 (isis), old 0x0 (None)
2026/06/12 04:36:06 ZEBRA: rib_add_multipath: 0:fcf0:0:3:4::/64: Inserting route rn 0x5652b8418250, re 0x5652b84182d0 (isis) existing 0x5652b84172d0
2026/06/12 04:36:06 ZEBRA: rib_delnode: 0:fcf0:0:3:4::/64: rn 0x5652b8418250, re 0x5652b84172d0, removing
2026/06/12 04:36:06 ZEBRA: rib_add_multipath: 0:fcff:3::/32: Inserting route rn 0x5652b8417810, re 0x5652b84185e0 (isis) existing 0x5652b8418440
2026/06/12 04:36:06 ZEBRA: rib_delnode: 0:fcff:3::/32: rn 0x5652b8417810, re 0x5652b8418440, removing
2026/06/12 04:36:06 ZEBRA: rib_add_multipath: 0:fcff:4::/32: Inserting route rn 0x5652b8418500, re 0x5652b8417b30 (isis) existing (nil)
2026/06/12 04:36:06 ZEBRA: rib_add_multipath: 0:fd00:0:2::/64: Inserting route rn 0x5652b8417cd0, re 0x5652b8417bf0 (isis) existing (nil)
2026/06/12 04:36:06 ZEBRA: 0:fcf0:0:3:4::/64: Updating route rn 0x5652b8418250, re 0x5652b84182d0 (isis) old 0x5652b84172d0 (isis)
2026/06/12 04:36:06 ZEBRA: 0:fcf0:0:3:4::/64: Redist del: re 0x5652b84172d0 (isis), new re 0x5652b84182d0 (isis)
2026/06/12 04:36:06 ZEBRA: rib_process: 0:fcf0:0:3:4::/64: rn 0x5652b8418250, removing re 0x5652b84172d0
2026/06/12 04:36:06 ZEBRA: rib_unlink: 0:fcf0:0:3:4::/64: rn 0x5652b8418250, re 0x5652b84172d0
2026/06/12 04:36:06 ZEBRA: 0:fcff:3::/32: Updating route rn 0x5652b8417810, re 0x5652b84185e0 (isis) old 0x5652b8418440 (isis)
2026/06/12 04:36:06 ZEBRA: 0:fcff:3::/32: Redist del: re 0x5652b8418440 (isis), new re 0x5652b84185e0 (isis)
2026/06/12 04:36:06 ZEBRA: rib_process: 0:fcff:3::/32: rn 0x5652b8417810, removing re 0x5652b8418440
2026/06/12 04:36:06 ZEBRA: rib_unlink: 0:fcff:3::/32: rn 0x5652b8417810, re 0x5652b8418440
2026/06/12 04:36:06 ZEBRA: 0:fcff:4::/32: Adding route rn 0x5652b8418500, re 0x5652b8417b30 (isis)
2026/06/12 04:36:06 ZEBRA: 0:fd00:0:2::/64: Adding route rn 0x5652b8417cd0, re 0x5652b8417bf0 (isis)
2026/06/12 04:36:06 ZEBRA: 0:fcf0:0:3:4::/64 update_from_ctx(): no fib nhg
2026/06/12 04:36:06 ZEBRA: 0:fcf0:0:3:4::/64 update_from_ctx(): rib nhg matched, changed 'true'
2026/06/12 04:36:06 ZEBRA: 0:fcf0:0:3:4::/64: Redist update re 0x5652b84182d0 (isis), old 0x5652b84182d0 (isis)
2026/06/12 04:36:06 ZEBRA: 0:fcff:3::/32 update_from_ctx(): no fib nhg
2026/06/12 04:36:06 ZEBRA: 0:fcff:3::/32 update_from_ctx(): rib nhg matched, changed 'true'
2026/06/12 04:36:06 ZEBRA: 0:fcff:3::/32: Redist update re 0x5652b84185e0 (isis), old 0x5652b84185e0 (isis)
2026/06/12 04:36:06 ZEBRA: 0:fcff:4::/32 update_from_ctx(): no fib nhg
2026/06/12 04:36:06 ZEBRA: 0:fcff:4::/32 update_from_ctx(): rib nhg matched, changed 'false'
2026/06/12 04:36:06 ZEBRA: 0:fcff:4::/32: Redist update re 0x5652b8417b30 (isis), old 0x0 (None)
2026/06/12 04:36:06 ZEBRA: 0:fd00:0:2::/64 update_from_ctx(): no fib nhg
2026/06/12 04:36:06 ZEBRA: 0:fd00:0:2::/64 update_from_ctx(): rib nhg matched, changed 'false'
2026/06/12 04:36:06 ZEBRA: 0:fd00:0:2::/64: Redist update re 0x5652b8417bf0 (isis), old 0x0 (None)
