2026/06/12 04:35:34 ZEBRA: rib_sweep_table: dumping RE entry 0x55e3fe806110 for fe80::/64 vrf 0
2026/06/12 04:35:34 ZEBRA: fe80::/64: uptime == 32135, type == 2, instance == 0, table == 254
2026/06/12 04:35:34 ZEBRA: fe80::/64: metric == 0, mtu == 0, distance == 0, flags == 0, status == 2
2026/06/12 04:35:34 ZEBRA: fe80::/64: nexthop_num == 1, nexthop_active_num == 0
2026/06/12 04:35:34 ZEBRA: fe80::/64: NH r4-h2[4] vrf default(0) with flags 
2026/06/12 04:35:34 ZEBRA: fe80::/64: dump complete
2026/06/12 04:35:34 ZEBRA: rib_sweep_table: dumping RE entry 0x55e3fe805d60 for fe80::/64 vrf 0
2026/06/12 04:35:34 ZEBRA: fe80::/64: uptime == 32135, type == 2, instance == 0, table == 254
2026/06/12 04:35:34 ZEBRA: fe80::/64: metric == 0, mtu == 0, distance == 0, flags == 0, status == 2
2026/06/12 04:35:34 ZEBRA: fe80::/64: nexthop_num == 1, nexthop_active_num == 0
2026/06/12 04:35:34 ZEBRA: fe80::/64: NH r4-r3[3] vrf default(0) with flags 
2026/06/12 04:35:34 ZEBRA: fe80::/64: dump complete
2026/06/12 04:35:34 ZEBRA: rib_sweep_table: dumping RE entry 0x55e3fe805660 for fe80::/64 vrf 0
2026/06/12 04:35:34 ZEBRA: fe80::/64: uptime == 32135, type == 2, instance == 0, table == 254
2026/06/12 04:35:34 ZEBRA: fe80::/64: metric == 0, mtu == 0, distance == 0, flags == 0, status == 2
2026/06/12 04:35:34 ZEBRA: fe80::/64: nexthop_num == 1, nexthop_active_num == 0
2026/06/12 04:35:34 ZEBRA: fe80::/64: NH r4-r2[2] vrf default(0) with flags 
2026/06/12 04:35:34 ZEBRA: fe80::/64: dump complete
2026/06/12 04:35:34 ZEBRA: rib_sweep_table: dumping RE entry 0x55e3fe806110 for fe80::/64 vrf 0
2026/06/12 04:35:34 ZEBRA: fe80::/64: uptime == 32135, type == 2, instance == 0, table == 254
2026/06/12 04:35:34 ZEBRA: fe80::/64: metric == 0, mtu == 0, distance == 0, flags == 0, status == 2
2026/06/12 04:35:34 ZEBRA: fe80::/64: nexthop_num == 1, nexthop_active_num == 0
2026/06/12 04:35:34 ZEBRA: fe80::/64: NH r4-h2[4] vrf default(0) with flags 
2026/06/12 04:35:34 ZEBRA: fe80::/64: dump complete
2026/06/12 04:35:34 ZEBRA: rib_sweep_table: dumping RE entry 0x55e3fe805d60 for fe80::/64 vrf 0
2026/06/12 04:35:34 ZEBRA: fe80::/64: uptime == 32135, type == 2, instance == 0, table == 254
2026/06/12 04:35:34 ZEBRA: fe80::/64: metric == 0, mtu == 0, distance == 0, flags == 0, status == 2
2026/06/12 04:35:34 ZEBRA: fe80::/64: nexthop_num == 1, nexthop_active_num == 0
2026/06/12 04:35:34 ZEBRA: fe80::/64: NH r4-r3[3] vrf default(0) with flags 
2026/06/12 04:35:34 ZEBRA: fe80::/64: dump complete
2026/06/12 04:35:34 ZEBRA: rib_sweep_table: dumping RE entry 0x55e3fe805660 for fe80::/64 vrf 0
2026/06/12 04:35:34 ZEBRA: fe80::/64: uptime == 32135, type == 2, instance == 0, table == 254
2026/06/12 04:35:34 ZEBRA: fe80::/64: metric == 0, mtu == 0, distance == 0, flags == 0, status == 2
2026/06/12 04:35:34 ZEBRA: fe80::/64: nexthop_num == 1, nexthop_active_num == 0
2026/06/12 04:35:34 ZEBRA: fe80::/64: NH r4-r2[2] vrf default(0) with flags 
2026/06/12 04:35:34 ZEBRA: fe80::/64: dump complete
2026/06/12 04:35:34 ZEBRA: rib_sweep_table: dumping RE entry 0x55e3fe8063a0 for fe80::/64 vrf 0
2026/06/12 04:35:34 ZEBRA: fe80::/64: uptime == 32135, type == 2, instance == 0, table == 254
2026/06/12 04:35:34 ZEBRA: fe80::/64: metric == 0, mtu == 0, distance == 0, flags == 0, status == 2
2026/06/12 04:35:34 ZEBRA: fe80::/64: nexthop_num == 1, nexthop_active_num == 0
2026/06/12 04:35:34 ZEBRA: fe80::/64: NH r4-h2[4] vrf default(0) with flags 
2026/06/12 04:35:34 ZEBRA: fe80::/64: dump complete
2026/06/12 04:35:34 ZEBRA: rib_sweep_table: dumping RE entry 0x55e3fe805fb0 for fe80::/64 vrf 0
2026/06/12 04:35:34 ZEBRA: fe80::/64: uptime == 32135, type == 2, instance == 0, table == 254
2026/06/12 04:35:34 ZEBRA: fe80::/64: metric == 0, mtu == 0, distance == 0, flags == 0, status == 2
2026/06/12 04:35:34 ZEBRA: fe80::/64: nexthop_num == 1, nexthop_active_num == 0
2026/06/12 04:35:34 ZEBRA: fe80::/64: NH r4-r3[3] vrf default(0) with flags 
2026/06/12 04:35:34 ZEBRA: fe80::/64: dump complete
2026/06/12 04:35:34 ZEBRA: rib_sweep_table: dumping RE entry 0x55e3fe805af0 for fe80::/64 vrf 0
2026/06/12 04:35:34 ZEBRA: fe80::/64: uptime == 32135, type == 2, instance == 0, table == 254
2026/06/12 04:35:34 ZEBRA: fe80::/64: metric == 0, mtu == 0, distance == 0, flags == 0, status == 2
2026/06/12 04:35:34 ZEBRA: fe80::/64: nexthop_num == 1, nexthop_active_num == 0
2026/06/12 04:35:34 ZEBRA: fe80::/64: NH r4-r2[2] vrf default(0) with flags 
2026/06/12 04:35:34 ZEBRA: fe80::/64: dump complete
2026/06/12 04:35:34 ZEBRA: 0:fe80::/64: Adding route rn 0x55e3fe8058b0, re 0x55e3fe805660 (connected)
2026/06/12 04:35:34 ZEBRA: 0:fe80::/64: Adding route rn 0x55e3fe805bd0, re 0x55e3fe805af0 (connected)
2026/06/12 04:35:34 ZEBRA: 0:fe80::/64 update_from_ctx(): no fib nhg
2026/06/12 04:35:34 ZEBRA: 0:fe80::/64 update_from_ctx(): changed false, adding new fib nhg
2026/06/12 04:35:34 ZEBRA: 0:fe80::/64: Redist update re 0x55e3fe806110 (connected), old 0x0 (None)
2026/06/12 04:35:34 ZEBRA: Redist update filter prefix fe80::/64
2026/06/12 04:35:34 ZEBRA: MESSAGE: ZEBRA_INTERFACE_ADDRESS_ADD fcff:4::1/32 on lo(0)
2026/06/12 04:35:34 ZEBRA: rib_add_multipath: 0:fcff:4::/32: Inserting route rn 0x55e3fe8057a0, re 0x55e3fe805740 (connected) existing (nil)
2026/06/12 04:35:34 ZEBRA: rib_add_multipath: 0:fcff:4::/32 (MRIB): Inserting route rn 0x55e3fe806290, re 0x55e3fe97db50 (connected) existing (nil)
2026/06/12 04:35:34 ZEBRA: 0:fcff:4::/32: Adding route rn 0x55e3fe8057a0, re 0x55e3fe805740 (connected)
2026/06/12 04:35:34 ZEBRA: 0:fcff:4::/32: Adding route rn 0x55e3fe806290, re 0x55e3fe97db50 (connected)
2026/06/12 04:35:34 ZEBRA: 0:fcff:4::/32 update_from_ctx(): no fib nhg
2026/06/12 04:35:34 ZEBRA: 0:fcff:4::/32 update_from_ctx(): rib nhg matched, changed 'false'
2026/06/12 04:35:34 ZEBRA: 0:fcff:4::/32: Redist update re 0x55e3fe805740 (connected), old 0x0 (None)
2026/06/12 04:35:35 ZEBRA: client 13 says hello and bids fair to announce only isis routes vrf=0
2026/06/12 04:35:35 ZEBRA: bfd_client_register msg from client isis: length=4
2026/06/12 04:35:35 ZEBRA: MESSAGE: ZEBRA_INTERFACE_ADDRESS_ADD fcf0:0:2:4::2/64 on r4-r2(0)
2026/06/12 04:35:35 ZEBRA: rib_add_multipath: 0:fcf0:0:2:4::/64: Inserting route rn 0x55e3fea13980, re 0x55e3fea136f0 (connected) existing (nil)
2026/06/12 04:35:35 ZEBRA: rib_add_multipath: 0:fcf0:0:2:4::/64 (MRIB): Inserting route rn 0x55e3fea13ba0, re 0x55e3fea13aa0 (connected) existing (nil)
2026/06/12 04:35:35 ZEBRA: 0:fcf0:0:2:4::/64: Adding route rn 0x55e3fea13980, re 0x55e3fea136f0 (connected)
2026/06/12 04:35:35 ZEBRA: 0:fcf0:0:2:4::/64: Adding route rn 0x55e3fea13ba0, re 0x55e3fea13aa0 (connected)
2026/06/12 04:35:35 ZEBRA: 0:fcf0:0:2:4::/64 update_from_ctx(): no fib nhg
2026/06/12 04:35:35 ZEBRA: 0:fcf0:0:2:4::/64 update_from_ctx(): rib nhg matched, changed 'false'
2026/06/12 04:35:35 ZEBRA: 0:fcf0:0:2:4::/64: Redist update re 0x55e3fea136f0 (connected), old 0x0 (None)
2026/06/12 04:35:35 ZEBRA: MESSAGE: ZEBRA_INTERFACE_ADDRESS_ADD fcf0:0:3:4::2/64 on r4-r3(0)
2026/06/12 04:35:35 ZEBRA: rib_add_multipath: 0:fcf0:0:3:4::/64: Inserting route rn 0x55e3fea13d80, re 0x55e3fea137f0 (connected) existing (nil)
2026/06/12 04:35:35 ZEBRA: rib_add_multipath: 0:fcf0:0:3:4::/64 (MRIB): Inserting route rn 0x55e3fea14010, re 0x55e3fea13f10 (connected) existing (nil)
2026/06/12 04:35:35 ZEBRA: 0:fcf0:0:3:4::/64: Adding route rn 0x55e3fea13d80, re 0x55e3fea137f0 (connected)
2026/06/12 04:35:35 ZEBRA: 0:fcf0:0:3:4::/64: Adding route rn 0x55e3fea14010, re 0x55e3fea13f10 (connected)
2026/06/12 04:35:35 ZEBRA: 0:fcf0:0:3:4::/64 update_from_ctx(): no fib nhg
2026/06/12 04:35:35 ZEBRA: 0:fcf0:0:3:4::/64 update_from_ctx(): rib nhg matched, changed 'false'
2026/06/12 04:35:35 ZEBRA: 0:fcf0:0:3:4::/64: Redist update re 0x55e3fea137f0 (connected), old 0x0 (None)
2026/06/12 04:35:35 ZEBRA: MESSAGE: ZEBRA_INTERFACE_ADDRESS_ADD fd00:0:2::1/64 on r4-h2(0)
2026/06/12 04:35:35 ZEBRA: rib_add_multipath: 0:fd00:0:2::/64: Inserting route rn 0x55e3fea14260, re 0x55e3fea138f0 (connected) existing (nil)
2026/06/12 04:35:35 ZEBRA: rib_add_multipath: 0:fd00:0:2::/64 (MRIB): Inserting route rn 0x55e3fea14460, re 0x55e3fea14360 (connected) existing (nil)
2026/06/12 04:35:35 ZEBRA: 0:fd00:0:2::/64: Adding route rn 0x55e3fea14260, re 0x55e3fea138f0 (connected)
2026/06/12 04:35:35 ZEBRA: 0:fd00:0:2::/64: Adding route rn 0x55e3fea14460, re 0x55e3fea14360 (connected)
2026/06/12 04:35:35 ZEBRA: 0:fd00:0:2::/64 update_from_ctx(): no fib nhg
2026/06/12 04:35:35 ZEBRA: 0:fd00:0:2::/64 update_from_ctx(): rib nhg matched, changed 'false'
2026/06/12 04:35:35 ZEBRA: 0:fd00:0:2::/64: Redist update re 0x55e3fea138f0 (connected), old 0x0 (None)
2026/06/12 04:36:03 ZEBRA: rib_add_multipath: 0:fcf0:0:1:2::/64: Inserting route rn 0x55e3fea14d40, re 0x55e3fea13d20 (isis) existing (nil)
2026/06/12 04:36:03 ZEBRA: rib_add_multipath: 0:fcf0:0:1:3::/64: Inserting route rn 0x55e3fea146e0, re 0x55e3fea14680 (isis) existing (nil)
2026/06/12 04:36:03 ZEBRA: rib_add_multipath: 0:fcff:1::/32: Inserting route rn 0x55e3fea148c0, re 0x55e3fea147c0 (isis) existing (nil)
2026/06/12 04:36:03 ZEBRA: rib_add_multipath: 0:fcff:2::/32: Inserting route rn 0x55e3fea14b50, re 0x55e3fea14a50 (isis) existing (nil)
2026/06/12 04:36:03 ZEBRA: rib_add_multipath: 0:fcff:2:c::/64: Inserting route rn 0x55e3fea14dc0, re 0x55e3fea14c30 (isis) existing (nil)
2026/06/12 04:36:03 ZEBRA: rib_add_multipath: 0:fd00:0:1::/64: Inserting route rn 0x55e3fea14fc0, re 0x55e3fea14ec0 (isis) existing (nil)
2026/06/12 04:36:03 ZEBRA: 0:fcf0:0:1:2::/64: Adding route rn 0x55e3fea14d40, re 0x55e3fea13d20 (isis)
2026/06/12 04:36:03 ZEBRA: 0:fcf0:0:1:3::/64: Adding route rn 0x55e3fea146e0, re 0x55e3fea14680 (isis)
2026/06/12 04:36:03 ZEBRA: 0:fcff:1::/32: Adding route rn 0x55e3fea148c0, re 0x55e3fea147c0 (isis)
2026/06/12 04:36:03 ZEBRA: 0:fcff:2::/32: Adding route rn 0x55e3fea14b50, re 0x55e3fea14a50 (isis)
2026/06/12 04:36:03 ZEBRA: 0:fcff:2:c::/64: Adding route rn 0x55e3fea14dc0, re 0x55e3fea14c30 (isis)
2026/06/12 04:36:03 ZEBRA: 0:fd00:0:1::/64: Adding route rn 0x55e3fea14fc0, re 0x55e3fea14ec0 (isis)
2026/06/12 04:36:03 ZEBRA: 0:fcf0:0:1:2::/64 update_from_ctx(): no fib nhg
2026/06/12 04:36:03 ZEBRA: 0:fcf0:0:1:2::/64 update_from_ctx(): rib nhg matched, changed 'true'
2026/06/12 04:36:03 ZEBRA: 0:fcf0:0:1:2::/64: Redist update re 0x55e3fea13d20 (isis), old 0x0 (None)
2026/06/12 04:36:03 ZEBRA: 0:fcf0:0:1:3::/64 update_from_ctx(): no fib nhg
2026/06/12 04:36:03 ZEBRA: 0:fcf0:0:1:3::/64 update_from_ctx(): rib nhg matched, changed 'false'
2026/06/12 04:36:03 ZEBRA: 0:fcf0:0:1:3::/64: Redist update re 0x55e3fea14680 (isis), old 0x0 (None)
2026/06/12 04:36:03 ZEBRA: 0:fcff:1::/32 update_from_ctx(): no fib nhg
2026/06/12 04:36:03 ZEBRA: 0:fcff:1::/32 update_from_ctx(): rib nhg matched, changed 'false'
2026/06/12 04:36:03 ZEBRA: 0:fcff:1::/32: Redist update re 0x55e3fea147c0 (isis), old 0x0 (None)
2026/06/12 04:36:03 ZEBRA: 0:fcff:2::/32 update_from_ctx(): no fib nhg
2026/06/12 04:36:03 ZEBRA: 0:fcff:2::/32 update_from_ctx(): rib nhg matched, changed 'false'
2026/06/12 04:36:03 ZEBRA: 0:fcff:2::/32: Redist update re 0x55e3fea14a50 (isis), old 0x0 (None)
2026/06/12 04:36:03 ZEBRA: 0:fcff:2:c::/64 update_from_ctx(): no fib nhg
2026/06/12 04:36:03 ZEBRA: 0:fcff:2:c::/64 update_from_ctx(): rib nhg matched, changed 'false'
2026/06/12 04:36:03 ZEBRA: 0:fcff:2:c::/64: Redist update re 0x55e3fea14c30 (isis), old 0x0 (None)
2026/06/12 04:36:03 ZEBRA: 0:fd00:0:1::/64 update_from_ctx(): no fib nhg
2026/06/12 04:36:03 ZEBRA: 0:fd00:0:1::/64 update_from_ctx(): rib nhg matched, changed 'false'
2026/06/12 04:36:03 ZEBRA: 0:fd00:0:1::/64: Redist update re 0x55e3fea14ec0 (isis), old 0x0 (None)
2026/06/12 04:36:03 ZEBRA: rib_add_multipath: 0:fcf0:0:1:3::/64: Inserting route rn 0x55e3fea146e0, re 0x55e3fea145c0 (isis) existing 0x55e3fea14680
2026/06/12 04:36:03 ZEBRA: rib_delnode: 0:fcf0:0:1:3::/64: rn 0x55e3fea146e0, re 0x55e3fea14680, removing
2026/06/12 04:36:03 ZEBRA: rib_add_multipath: 0:fcff:3::/32: Inserting route rn 0x55e3fea169d0, re 0x55e3fea15d20 (isis) existing (nil)
2026/06/12 04:36:03 ZEBRA: 0:fcf0:0:1:3::/64: Updating route rn 0x55e3fea146e0, re 0x55e3fea145c0 (isis) old 0x55e3fea14680 (isis)
2026/06/12 04:36:03 ZEBRA: 0:fcf0:0:1:3::/64: Redist del: re 0x55e3fea14680 (isis), new re 0x55e3fea145c0 (isis)
2026/06/12 04:36:03 ZEBRA: rib_process: 0:fcf0:0:1:3::/64: rn 0x55e3fea146e0, removing re 0x55e3fea14680
2026/06/12 04:36:03 ZEBRA: rib_unlink: 0:fcf0:0:1:3::/64: rn 0x55e3fea146e0, re 0x55e3fea14680
2026/06/12 04:36:03 ZEBRA: 0:fcff:3::/32: Adding route rn 0x55e3fea169d0, re 0x55e3fea15d20 (isis)
2026/06/12 04:36:03 ZEBRA: 0:fcf0:0:1:3::/64 update_from_ctx(): no fib nhg
2026/06/12 04:36:03 ZEBRA: 0:fcf0:0:1:3::/64 update_from_ctx(): rib nhg matched, changed 'true'
2026/06/12 04:36:03 ZEBRA: 0:fcf0:0:1:3::/64: Redist update re 0x55e3fea145c0 (isis), old 0x55e3fea145c0 (isis)
2026/06/12 04:36:03 ZEBRA: 0:fcff:3::/32 update_from_ctx(): no fib nhg
2026/06/12 04:36:03 ZEBRA: 0:fcff:3::/32 update_from_ctx(): rib nhg matched, changed 'true'
2026/06/12 04:36:03 ZEBRA: 0:fcff:3::/32: Redist update re 0x55e3fea15d20 (isis), old 0x0 (None)
2026/06/12 04:45:57 ZEBRA: rib_add_multipath: 0:fcff:3::1/128: Inserting route rn 0x55e3fea16440, re 0x55e3fea15a50 (kernel) existing (nil)
2026/06/12 04:45:57 ZEBRA: 0:fcff:3::1/128: Adding route rn 0x55e3fea16440, re 0x55e3fea15a50 (kernel)
2026/06/12 04:45:57 ZEBRA: 0:fcff:3::1/128 update_from_ctx(): no fib nhg
2026/06/12 04:45:57 ZEBRA: 0:fcff:3::1/128 update_from_ctx(): rib nhg matched, changed 'false'
2026/06/12 04:45:57 ZEBRA: 0:fcff:3::1/128: Redist update re 0x55e3fea15a50 (kernel), old 0x0 (None)
2026/06/12 04:46:34 ZEBRA: rib_add_multipath: 0:fd00:0:1::2/128: Inserting route rn 0x55e3fea15950, re 0x55e3fea14680 (kernel) existing (nil)
2026/06/12 04:46:34 ZEBRA: 0:fd00:0:1::2/128: Adding route rn 0x55e3fea15950, re 0x55e3fea14680 (kernel)
2026/06/12 04:46:34 ZEBRA: 0:fd00:0:1::2/128 update_from_ctx(): no fib nhg
2026/06/12 04:46:34 ZEBRA: 0:fd00:0:1::2/128 update_from_ctx(): rib nhg matched, changed 'false'
2026/06/12 04:46:34 ZEBRA: 0:fd00:0:1::2/128: Redist update re 0x55e3fea14680 (kernel), old 0x0 (None)
