2026/06/12 04:35:32 ZEBRA: rib_sweep_table: dumping RE entry 0x55cad7d06800 for fe80::/64 vrf 0
2026/06/12 04:35:32 ZEBRA: fe80::/64: uptime == 32134, type == 2, instance == 0, table == 254
2026/06/12 04:35:32 ZEBRA: fe80::/64: metric == 0, mtu == 0, distance == 0, flags == 0, status == 2
2026/06/12 04:35:32 ZEBRA: fe80::/64: nexthop_num == 1, nexthop_active_num == 0
2026/06/12 04:35:32 ZEBRA: fe80::/64: NH r3-r4[3] vrf default(0) with flags 
2026/06/12 04:35:32 ZEBRA: fe80::/64: dump complete
2026/06/12 04:35:32 ZEBRA: rib_sweep_table: dumping RE entry 0x55cad7d06130 for fe80::/64 vrf 0
2026/06/12 04:35:32 ZEBRA: fe80::/64: uptime == 32134, type == 2, instance == 0, table == 254
2026/06/12 04:35:32 ZEBRA: fe80::/64: metric == 0, mtu == 0, distance == 0, flags == 0, status == 2
2026/06/12 04:35:32 ZEBRA: fe80::/64: nexthop_num == 1, nexthop_active_num == 0
2026/06/12 04:35:32 ZEBRA: fe80::/64: NH r3-r1[2] vrf default(0) with flags 
2026/06/12 04:35:32 ZEBRA: fe80::/64: dump complete
2026/06/12 04:35:32 ZEBRA: rib_sweep_table: dumping RE entry 0x55cad7d06800 for fe80::/64 vrf 0
2026/06/12 04:35:32 ZEBRA: fe80::/64: uptime == 32134, type == 2, instance == 0, table == 254
2026/06/12 04:35:32 ZEBRA: fe80::/64: metric == 0, mtu == 0, distance == 0, flags == 0, status == 2
2026/06/12 04:35:32 ZEBRA: fe80::/64: nexthop_num == 1, nexthop_active_num == 0
2026/06/12 04:35:32 ZEBRA: fe80::/64: NH r3-r4[3] vrf default(0) with flags 
2026/06/12 04:35:32 ZEBRA: fe80::/64: dump complete
2026/06/12 04:35:32 ZEBRA: rib_sweep_table: dumping RE entry 0x55cad7d06130 for fe80::/64 vrf 0
2026/06/12 04:35:32 ZEBRA: fe80::/64: uptime == 32134, type == 2, instance == 0, table == 254
2026/06/12 04:35:32 ZEBRA: fe80::/64: metric == 0, mtu == 0, distance == 0, flags == 0, status == 2
2026/06/12 04:35:32 ZEBRA: fe80::/64: nexthop_num == 1, nexthop_active_num == 0
2026/06/12 04:35:32 ZEBRA: fe80::/64: NH r3-r1[2] vrf default(0) with flags 
2026/06/12 04:35:32 ZEBRA: fe80::/64: dump complete
2026/06/12 04:35:32 ZEBRA: rib_sweep_table: dumping RE entry 0x55cad7d06a50 for fe80::/64 vrf 0
2026/06/12 04:35:32 ZEBRA: fe80::/64: uptime == 32134, type == 2, instance == 0, table == 254
2026/06/12 04:35:32 ZEBRA: fe80::/64: metric == 0, mtu == 0, distance == 0, flags == 0, status == 2
2026/06/12 04:35:32 ZEBRA: fe80::/64: nexthop_num == 1, nexthop_active_num == 0
2026/06/12 04:35:32 ZEBRA: fe80::/64: NH r3-r4[3] vrf default(0) with flags 
2026/06/12 04:35:32 ZEBRA: fe80::/64: dump complete
2026/06/12 04:35:32 ZEBRA: rib_sweep_table: dumping RE entry 0x55cad7d06590 for fe80::/64 vrf 0
2026/06/12 04:35:32 ZEBRA: fe80::/64: uptime == 32134, type == 2, instance == 0, table == 254
2026/06/12 04:35:32 ZEBRA: fe80::/64: metric == 0, mtu == 0, distance == 0, flags == 0, status == 2
2026/06/12 04:35:32 ZEBRA: fe80::/64: nexthop_num == 1, nexthop_active_num == 0
2026/06/12 04:35:32 ZEBRA: fe80::/64: NH r3-r1[2] vrf default(0) with flags 
2026/06/12 04:35:32 ZEBRA: fe80::/64: dump complete
2026/06/12 04:35:32 ZEBRA: 0:fe80::/64: Adding route rn 0x55cad7d06350, re 0x55cad7d06130 (connected)
2026/06/12 04:35:32 ZEBRA: 0:fe80::/64: Adding route rn 0x55cad7d06670, re 0x55cad7d06590 (connected)
2026/06/12 04:35:32 ZEBRA: 0:fe80::/64 update_from_ctx(): no fib nhg
2026/06/12 04:35:32 ZEBRA: 0:fe80::/64 update_from_ctx(): changed false, adding new fib nhg
2026/06/12 04:35:32 ZEBRA: 0:fe80::/64: Redist update re 0x55cad7d06800 (connected), old 0x0 (None)
2026/06/12 04:35:32 ZEBRA: Redist update filter prefix fe80::/64
2026/06/12 04:35:32 ZEBRA: MESSAGE: ZEBRA_INTERFACE_ADDRESS_ADD fcff:3::1/32 on lo(0)
2026/06/12 04:35:32 ZEBRA: rib_add_multipath: 0:fcff:3::/32: Inserting route rn 0x55cad7d06270, re 0x55cad7d06210 (connected) existing (nil)
2026/06/12 04:35:32 ZEBRA: rib_add_multipath: 0:fcff:3::/32 (MRIB): Inserting route rn 0x55cad7e7e260, re 0x55cad7e7e200 (connected) existing (nil)
2026/06/12 04:35:32 ZEBRA: 0:fcff:3::/32: Adding route rn 0x55cad7d06270, re 0x55cad7d06210 (connected)
2026/06/12 04:35:32 ZEBRA: 0:fcff:3::/32: Adding route rn 0x55cad7e7e260, re 0x55cad7e7e200 (connected)
2026/06/12 04:35:32 ZEBRA: 0:fcff:3::/32 update_from_ctx(): no fib nhg
2026/06/12 04:35:32 ZEBRA: 0:fcff:3::/32 update_from_ctx(): rib nhg matched, changed 'false'
2026/06/12 04:35:32 ZEBRA: 0:fcff:3::/32: Redist update re 0x55cad7d06210 (connected), old 0x0 (None)
2026/06/12 04:35:33 ZEBRA: client 13 says hello and bids fair to announce only isis routes vrf=0
2026/06/12 04:35:33 ZEBRA: bfd_client_register msg from client isis: length=4
2026/06/12 04:35:34 ZEBRA: MESSAGE: ZEBRA_INTERFACE_ADDRESS_ADD fcf0:0:1:3::2/64 on r3-r1(0)
2026/06/12 04:35:34 ZEBRA: rib_add_multipath: 0:fcf0:0:1:3::/64: Inserting route rn 0x55cad7f13b10, re 0x55cad7f13880 (connected) existing (nil)
2026/06/12 04:35:34 ZEBRA: rib_add_multipath: 0:fcf0:0:1:3::/64 (MRIB): Inserting route rn 0x55cad7f13d30, re 0x55cad7f13c30 (connected) existing (nil)
2026/06/12 04:35:34 ZEBRA: 0:fcf0:0:1:3::/64: Adding route rn 0x55cad7f13b10, re 0x55cad7f13880 (connected)
2026/06/12 04:35:34 ZEBRA: 0:fcf0:0:1:3::/64: Adding route rn 0x55cad7f13d30, re 0x55cad7f13c30 (connected)
2026/06/12 04:35:34 ZEBRA: 0:fcf0:0:1:3::/64 update_from_ctx(): no fib nhg
2026/06/12 04:35:34 ZEBRA: 0:fcf0:0:1:3::/64 update_from_ctx(): rib nhg matched, changed 'false'
2026/06/12 04:35:34 ZEBRA: 0:fcf0:0:1:3::/64: Redist update re 0x55cad7f13880 (connected), old 0x0 (None)
2026/06/12 04:35:34 ZEBRA: MESSAGE: ZEBRA_INTERFACE_ADDRESS_ADD fcf0:0:3:4::1/64 on r3-r4(0)
2026/06/12 04:35:34 ZEBRA: rib_add_multipath: 0:fcf0:0:3:4::/64: Inserting route rn 0x55cad7f13f10, re 0x55cad7f13980 (connected) existing (nil)
2026/06/12 04:35:34 ZEBRA: rib_add_multipath: 0:fcf0:0:3:4::/64 (MRIB): Inserting route rn 0x55cad7f141a0, re 0x55cad7f140a0 (connected) existing (nil)
2026/06/12 04:35:34 ZEBRA: 0:fcf0:0:3:4::/64: Adding route rn 0x55cad7f13f10, re 0x55cad7f13980 (connected)
2026/06/12 04:35:34 ZEBRA: 0:fcf0:0:3:4::/64: Adding route rn 0x55cad7f141a0, re 0x55cad7f140a0 (connected)
2026/06/12 04:35:34 ZEBRA: 0:fcf0:0:3:4::/64 update_from_ctx(): no fib nhg
2026/06/12 04:35:34 ZEBRA: 0:fcf0:0:3:4::/64 update_from_ctx(): rib nhg matched, changed 'false'
2026/06/12 04:35:34 ZEBRA: 0:fcf0:0:3:4::/64: Redist update re 0x55cad7f13980 (connected), old 0x0 (None)
2026/06/12 04:36:01 ZEBRA: rib_add_multipath: 0:fcf0:0:1:2::/64: Inserting route rn 0x55cad7f14b10, re 0x55cad7f13a80 (isis) existing (nil)
2026/06/12 04:36:01 ZEBRA: rib_add_multipath: 0:fcff:1::/32: Inserting route rn 0x55cad7f144b0, re 0x55cad7f14450 (isis) existing (nil)
2026/06/12 04:36:01 ZEBRA: rib_add_multipath: 0:fcff:2:c::/64: Inserting route rn 0x55cad7f14690, re 0x55cad7f14590 (isis) existing (nil)
2026/06/12 04:36:01 ZEBRA: rib_add_multipath: 0:fd00:0:1::/64: Inserting route rn 0x55cad7f14870, re 0x55cad7f14770 (isis) existing (nil)
2026/06/12 04:36:01 ZEBRA: 0:fcf0:0:1:2::/64: Adding route rn 0x55cad7f14b10, re 0x55cad7f13a80 (isis)
2026/06/12 04:36:01 ZEBRA: 0:fcff:1::/32: Adding route rn 0x55cad7f144b0, re 0x55cad7f14450 (isis)
2026/06/12 04:36:01 ZEBRA: 0:fcff:2:c::/64: Adding route rn 0x55cad7f14690, re 0x55cad7f14590 (isis)
2026/06/12 04:36:01 ZEBRA: 0:fd00:0:1::/64: Adding route rn 0x55cad7f14870, re 0x55cad7f14770 (isis)
2026/06/12 04:36:01 ZEBRA: 0:fcf0:0:1:2::/64 update_from_ctx(): no fib nhg
2026/06/12 04:36:01 ZEBRA: 0:fcf0:0:1:2::/64 update_from_ctx(): rib nhg matched, changed 'true'
2026/06/12 04:36:01 ZEBRA: 0:fcf0:0:1:2::/64: Redist update re 0x55cad7f13a80 (isis), old 0x0 (None)
2026/06/12 04:36:01 ZEBRA: 0:fcff:1::/32 update_from_ctx(): no fib nhg
2026/06/12 04:36:01 ZEBRA: 0:fcff:1::/32 update_from_ctx(): rib nhg matched, changed 'false'
2026/06/12 04:36:01 ZEBRA: 0:fcff:1::/32: Redist update re 0x55cad7f14450 (isis), old 0x0 (None)
2026/06/12 04:36:01 ZEBRA: 0:fcff:2:c::/64 update_from_ctx(): no fib nhg
2026/06/12 04:36:01 ZEBRA: 0:fcff:2:c::/64 update_from_ctx(): rib nhg matched, changed 'false'
2026/06/12 04:36:01 ZEBRA: 0:fcff:2:c::/64: Redist update re 0x55cad7f14590 (isis), old 0x0 (None)
2026/06/12 04:36:01 ZEBRA: 0:fd00:0:1::/64 update_from_ctx(): no fib nhg
2026/06/12 04:36:01 ZEBRA: 0:fd00:0:1::/64 update_from_ctx(): rib nhg matched, changed 'false'
2026/06/12 04:36:01 ZEBRA: 0:fd00:0:1::/64: Redist update re 0x55cad7f14770 (isis), old 0x0 (None)
2026/06/12 04:36:02 ZEBRA: rib_add_multipath: 0:fcf0:0:2:4::/64: Inserting route rn 0x55cad7f154f0, re 0x55cad7f14390 (isis) existing (nil)
2026/06/12 04:36:02 ZEBRA: rib_add_multipath: 0:fcff:2::/32: Inserting route rn 0x55cad7f15470, re 0x55cad7f14d50 (isis) existing (nil)
2026/06/12 04:36:02 ZEBRA: 0:fcf0:0:2:4::/64: Adding route rn 0x55cad7f154f0, re 0x55cad7f14390 (isis)
2026/06/12 04:36:02 ZEBRA: 0:fcff:2::/32: Adding route rn 0x55cad7f15470, re 0x55cad7f14d50 (isis)
2026/06/12 04:36:02 ZEBRA: 0:fcf0:0:2:4::/64 update_from_ctx(): no fib nhg
2026/06/12 04:36:02 ZEBRA: 0:fcf0:0:2:4::/64 update_from_ctx(): rib nhg matched, changed 'false'
2026/06/12 04:36:02 ZEBRA: 0:fcf0:0:2:4::/64: Redist update re 0x55cad7f14390 (isis), old 0x0 (None)
2026/06/12 04:36:02 ZEBRA: 0:fcff:2::/32 update_from_ctx(): no fib nhg
2026/06/12 04:36:02 ZEBRA: 0:fcff:2::/32 update_from_ctx(): rib nhg matched, changed 'false'
2026/06/12 04:36:02 ZEBRA: 0:fcff:2::/32: Redist update re 0x55cad7f14d50 (isis), old 0x0 (None)
2026/06/12 04:36:05 ZEBRA: rib_add_multipath: 0:fcf0:0:2:4::/64: Inserting route rn 0x55cad7f154f0, re 0x55cad7f13f90 (isis) existing 0x55cad7f14390
2026/06/12 04:36:05 ZEBRA: rib_delnode: 0:fcf0:0:2:4::/64: rn 0x55cad7f154f0, re 0x55cad7f14390, removing
2026/06/12 04:36:05 ZEBRA: rib_add_multipath: 0:fcff:2::/32: Inserting route rn 0x55cad7f15470, re 0x55cad7f14e70 (isis) existing 0x55cad7f14d50
2026/06/12 04:36:05 ZEBRA: rib_delnode: 0:fcff:2::/32: rn 0x55cad7f15470, re 0x55cad7f14d50, removing
2026/06/12 04:36:05 ZEBRA: rib_add_multipath: 0:fcff:4::/32: Inserting route rn 0x55cad7f14310, re 0x55cad7f15b90 (isis) existing (nil)
2026/06/12 04:36:05 ZEBRA: rib_add_multipath: 0:fd00:0:2::/64: Inserting route rn 0x55cad7f15170, re 0x55cad7f15c70 (isis) existing (nil)
2026/06/12 04:36:05 ZEBRA: 0:fcf0:0:2:4::/64: Updating route rn 0x55cad7f154f0, re 0x55cad7f13f90 (isis) old 0x55cad7f14390 (isis)
2026/06/12 04:36:05 ZEBRA: 0:fcf0:0:2:4::/64: Redist del: re 0x55cad7f14390 (isis), new re 0x55cad7f13f90 (isis)
2026/06/12 04:36:05 ZEBRA: rib_process: 0:fcf0:0:2:4::/64: rn 0x55cad7f154f0, removing re 0x55cad7f14390
2026/06/12 04:36:05 ZEBRA: rib_unlink: 0:fcf0:0:2:4::/64: rn 0x55cad7f154f0, re 0x55cad7f14390
2026/06/12 04:36:05 ZEBRA: 0:fcff:2::/32: Updating route rn 0x55cad7f15470, re 0x55cad7f14e70 (isis) old 0x55cad7f14d50 (isis)
2026/06/12 04:36:05 ZEBRA: 0:fcff:2::/32: Redist del: re 0x55cad7f14d50 (isis), new re 0x55cad7f14e70 (isis)
2026/06/12 04:36:05 ZEBRA: rib_process: 0:fcff:2::/32: rn 0x55cad7f15470, removing re 0x55cad7f14d50
2026/06/12 04:36:05 ZEBRA: rib_unlink: 0:fcff:2::/32: rn 0x55cad7f15470, re 0x55cad7f14d50
2026/06/12 04:36:05 ZEBRA: 0:fcff:4::/32: Adding route rn 0x55cad7f14310, re 0x55cad7f15b90 (isis)
2026/06/12 04:36:05 ZEBRA: 0:fd00:0:2::/64: Adding route rn 0x55cad7f15170, re 0x55cad7f15c70 (isis)
2026/06/12 04:36:05 ZEBRA: 0:fcf0:0:2:4::/64 update_from_ctx(): no fib nhg
2026/06/12 04:36:05 ZEBRA: 0:fcf0:0:2:4::/64 update_from_ctx(): rib nhg matched, changed 'true'
2026/06/12 04:36:05 ZEBRA: 0:fcf0:0:2:4::/64: Redist update re 0x55cad7f13f90 (isis), old 0x55cad7f13f90 (isis)
2026/06/12 04:36:05 ZEBRA: 0:fcff:2::/32 update_from_ctx(): no fib nhg
2026/06/12 04:36:05 ZEBRA: 0:fcff:2::/32 update_from_ctx(): rib nhg matched, changed 'true'
2026/06/12 04:36:05 ZEBRA: 0:fcff:2::/32: Redist update re 0x55cad7f14e70 (isis), old 0x55cad7f14e70 (isis)
2026/06/12 04:36:05 ZEBRA: 0:fcff:4::/32 update_from_ctx(): no fib nhg
2026/06/12 04:36:05 ZEBRA: 0:fcff:4::/32 update_from_ctx(): rib nhg matched, changed 'false'
2026/06/12 04:36:05 ZEBRA: 0:fcff:4::/32: Redist update re 0x55cad7f15b90 (isis), old 0x0 (None)
2026/06/12 04:36:05 ZEBRA: 0:fd00:0:2::/64 update_from_ctx(): no fib nhg
2026/06/12 04:36:05 ZEBRA: 0:fd00:0:2::/64 update_from_ctx(): rib nhg matched, changed 'false'
2026/06/12 04:36:05 ZEBRA: 0:fd00:0:2::/64: Redist update re 0x55cad7f15c70 (isis), old 0x0 (None)
